/home/ec2-user/pathintegrationBPU/outputs/results/optic_flow_biological_io/make_writeup_data.py:40: UserWarning: Sparse invariant checks are implicitly disabled. Memory errors (e.g. SEGFAULT) will occur when operating on a sparse tensor which violates the invariants, but checks incur performance overhead. To silence this warning, explicitly opt in or out. See `torch.sparse.check_sparse_tensor_invariants.__doc__` for guidance.  (Triggered internally at /pytorch/aten/src/ATen/Context.cpp:760.)
  W = torch.sparse_coo_tensor(m.edge_indices, m.W_rec_values, size=(m.N, m.N), device=dev).coalesce()
[control] ep1 mean_r2=+0.0062 yaw_r2=-0.0077 loss=0.05409
[control] ep2 mean_r2=+0.0522 yaw_r2=-0.0721 loss=0.05111
[control] ep3 mean_r2=+0.0939 yaw_r2=-0.0277 loss=0.04508
[control] ep4 mean_r2=+0.1059 yaw_r2=-0.0145 loss=0.04348
[control] ep5 mean_r2=+0.1126 yaw_r2=-0.0196 loss=0.04259
[control] ep6 mean_r2=+0.1214 yaw_r2=-0.0072 loss=0.04183
[control] ep7 mean_r2=+0.1221 yaw_r2=-0.0131 loss=0.04121
[control] ep8 mean_r2=+0.1347 yaw_r2=-0.0016 loss=0.04062
[control] ep9 mean_r2=+0.1414 yaw_r2=-0.0052 loss=0.03990
[control] ep10 mean_r2=+0.1444 yaw_r2=-0.0015 loss=0.03951
[control] ep11 mean_r2=+0.1522 yaw_r2=+0.0006 loss=0.03876
[control] ep12 mean_r2=+0.1550 yaw_r2=-0.0031 loss=0.03856
[control] ep13 mean_r2=+0.1601 yaw_r2=+0.0024 loss=0.03773
[control] ep14 mean_r2=+0.1632 yaw_r2=+0.0061 loss=0.03736
[control] ep15 mean_r2=+0.1661 yaw_r2=-0.0018 loss=0.03719
[control] ep16 mean_r2=+0.1689 yaw_r2=+0.0017 loss=0.03676
[control] ep17 mean_r2=+0.1755 yaw_r2=+0.0099 loss=0.03645
[control] ep18 mean_r2=+0.1584 yaw_r2=+0.0110 loss=0.03618
[control] ep19 mean_r2=+0.1772 yaw_r2=+0.0089 loss=0.03628
[control] ep20 mean_r2=+0.1841 yaw_r2=+0.0117 loss=0.03558
wrote data_signal_control.csv and data_curve_control.csv
